{"timestamp":"2026-09-11T10:16:25.765582Z","level":"info","event":"::group::Pre Execute","logger":"task","filename":"task_runner.py","lineno":2412}
{"timestamp":"2026-09-11T10:16:28.555206Z","level":"info","event":"DAG bundles loaded: dags-folder, example_dags, apache-airflow-providers-common-sql-example-dags, apache-airflow-providers-standard-example-dags","dag_id":"example_bash_operator","try_number":1,"ti_id":"01a08ff7-eb38-7c01-abbb-e28e246d5b02","task_id":"this_will_skip","map_index":-1,"run_id":"scheduled__2026-09-11T00:00:00+00:00","logger":"airflow.dag_processing.bundles.manager.DagBundlesManager","filename":"manager.py","lineno":304}
{"timestamp":"2026-09-11T10:16:28.556173Z","level":"info","event":"Filling up the DagBag from /home/airflow/.local/lib/python3.13/site-packages/airflow/providers/standard/example_dags/example_bash_operator.py","dag_id":"example_bash_operator","try_number":1,"ti_id":"01a08ff7-eb38-7c01-abbb-e28e246d5b02","task_id":"this_will_skip","map_index":-1,"run_id":"scheduled__2026-09-11T00:00:00+00:00","logger":"airflow.dag_processing.dagbag.BundleDagBag","filename":"dagbag.py","lineno":460}
{"timestamp":"2026-09-11T10:16:28.566839Z","level":"info","event":"Worker startup parse complete","bundle_name":"apache-airflow-providers-standard-example-dags","bundle_version":null,"dag_file":"example_bash_operator.py","dag_id":"example_bash_operator","bundle_prepare_ms":3,"dag_file_parse_ms":10,"try_number":1,"ti_id":"01a08ff7-eb38-7c01-abbb-e28e246d5b02","task_id":"this_will_skip","map_index":-1,"run_id":"scheduled__2026-09-11T00:00:00+00:00","logger":"task","filename":"task_runner.py","lineno":1073}
{"timestamp":"2026-09-11T10:16:28.668345Z","level":"info","event":"Task instance is in running state","logger":"task.stdout"}
{"timestamp":"2026-09-11T10:16:28.668700Z","level":"info","event":" Previous state of the Task instance: TaskInstanceState.QUEUED","logger":"task.stdout"}
{"timestamp":"2026-09-11T10:16:28.669016Z","level":"info","event":"Current task name:this_will_skip","logger":"task.stdout"}
{"timestamp":"2026-09-11T10:16:28.669229Z","level":"info","event":"Dag name:example_bash_operator","logger":"task.stdout"}
{"timestamp":"2026-09-11T10:16:28.669114Z","level":"info","event":"::endgroup::","dag_id":"example_bash_operator","try_number":1,"ti_id":"01a08ff7-eb38-7c01-abbb-e28e246d5b02","task_id":"this_will_skip","map_index":-1,"run_id":"scheduled__2026-09-11T00:00:00+00:00","logger":"task","filename":"task_runner.py","lineno":2232}
{"timestamp":"2026-09-11T10:16:28.669606Z","level":"info","event":"Tmp dir root location: /tmp","dag_id":"example_bash_operator","try_number":1,"ti_id":"01a08ff7-eb38-7c01-abbb-e28e246d5b02","task_id":"this_will_skip","map_index":-1,"run_id":"scheduled__2026-09-11T00:00:00+00:00","logger":"airflow.task.hooks.airflow.providers.standard.hooks.subprocess.SubprocessHook","filename":"subprocess.py","lineno":78}
{"timestamp":"2026-09-11T10:16:28.669965Z","level":"info","event":"Running command: ['/usr/bin/bash', '-c', 'echo \"hello world\"; exit 99;']","dag_id":"example_bash_operator","try_number":1,"ti_id":"01a08ff7-eb38-7c01-abbb-e28e246d5b02","task_id":"this_will_skip","map_index":-1,"run_id":"scheduled__2026-09-11T00:00:00+00:00","logger":"airflow.task.hooks.airflow.providers.standard.hooks.subprocess.SubprocessHook","filename":"subprocess.py","lineno":80}
{"timestamp":"2026-09-11T10:16:28.670504Z","level":"info","event":"Output:","dag_id":"example_bash_operator","try_number":1,"ti_id":"01a08ff7-eb38-7c01-abbb-e28e246d5b02","task_id":"this_will_skip","map_index":-1,"run_id":"scheduled__2026-09-11T00:00:00+00:00","logger":"airflow.task.hooks.airflow.providers.standard.hooks.subprocess.SubprocessHook","filename":"subprocess.py","lineno":92}
{"timestamp":"2026-09-11T10:16:28.671522Z","level":"info","event":"hello world","dag_id":"example_bash_operator","try_number":1,"ti_id":"01a08ff7-eb38-7c01-abbb-e28e246d5b02","task_id":"this_will_skip","map_index":-1,"run_id":"scheduled__2026-09-11T00:00:00+00:00","logger":"airflow.task.hooks.airflow.providers.standard.hooks.subprocess.SubprocessHook","filename":"subprocess.py","lineno":99}
{"timestamp":"2026-09-11T10:16:28.671735Z","level":"info","event":"Command exited with return code 99","dag_id":"example_bash_operator","try_number":1,"ti_id":"01a08ff7-eb38-7c01-abbb-e28e246d5b02","task_id":"this_will_skip","map_index":-1,"run_id":"scheduled__2026-09-11T00:00:00+00:00","logger":"airflow.task.hooks.airflow.providers.standard.hooks.subprocess.SubprocessHook","filename":"subprocess.py","lineno":103}
{"timestamp":"2026-09-11T10:16:28.672061Z","level":"info","event":"::group::Post Execute","dag_id":"example_bash_operator","try_number":1,"ti_id":"01a08ff7-eb38-7c01-abbb-e28e246d5b02","task_id":"this_will_skip","map_index":-1,"run_id":"scheduled__2026-09-11T00:00:00+00:00","logger":"task","filename":"task_runner.py","lineno":1620}
{"timestamp":"2026-09-11T10:16:28.672117Z","level":"info","event":"Skipping task.","reason":"Bash command returned exit code 99. Skipping.","dag_id":"example_bash_operator","try_number":1,"ti_id":"01a08ff7-eb38-7c01-abbb-e28e246d5b02","task_id":"this_will_skip","map_index":-1,"run_id":"scheduled__2026-09-11T00:00:00+00:00","logger":"task","filename":"task_runner.py","lineno":1622}
{"timestamp":"2026-09-11T10:16:28.672774Z","level":"info","event":"Task instance was skipped","logger":"task.stdout"}
{"timestamp":"2026-09-11T10:16:28.673196Z","level":"info","event":"Task start","logger":"task.stdout"}
{"timestamp":"2026-09-11T10:16:28.673342Z","level":"info","event":"Task:<Task(BashOperator): this_will_skip>","logger":"task.stdout"}
{"timestamp":"2026-09-11T10:16:28.673205Z","level":"info","event":"::endgroup::","dag_id":"example_bash_operator","try_number":1,"ti_id":"01a08ff7-eb38-7c01-abbb-e28e246d5b02","task_id":"this_will_skip","map_index":-1,"run_id":"scheduled__2026-09-11T00:00:00+00:00","logger":"task","filename":"task_runner.py","lineno":2379}
